<testsuites name="jest tests" tests="1" failures="0" time="0.608">
  <testsuite name="undefined" errors="0" failures="0" skipped="0" timestamp="2022-05-22T06:08:42" time="0.608" tests="1">
    <testcase classname=" renders without crashing" name=" renders without crashing" time="0.018">
    </testcase>
  </testsuite>
</testsuites>